
> codantrix-labs@0.1.0 build
> next build

Γû▓ Next.js 16.1.1 (Turbopack)
- Environments: .env.local

  Creating an optimized production build ...
Γ£ô Compiled successfully in 6.5s
  Running TypeScript ...
  Collecting page data using 7 workers ...
  Generating static pages using 7 workers (0/11) ...
node.exe : Error occurred prerendering page "/resources". Read more: 
https://nextjs.org/docs/messages/prerender-error
At D:\Node\npm.ps1:29 char:3
+   & $NODE_EXE $NPM_CLI_JS $args
+   ~~~~~~~~~~~~~~~~~~~~~~~~~~~~~
    + CategoryInfo          : NotSpecified: (Error occurred ...prerende 
   r-error:String) [], RemoteException
    + FullyQualifiedErrorId : NativeCommandError
 
Error: Event handlers cannot be passed to Client Component props.
  {href: ..., className: ..., onClick: function onClick, children: ...}
                                       ^^^^^^^^^^^^^^^^
If you need interactivity, consider converting part of this to a Client 
Component.
    at stringify (<anonymous>) {
  digest: '1899822103'
}
Export encountered an error on /resources/page: /resources, exiting the 
build.
Γ¿» Next.js build worker exited with code: 1 and signal: null
