
> codantrix-labs@0.1.0 build
> next build

Γû▓ Next.js 16.1.1 (Turbopack)
- Environments: .env.local

  Creating an optimized production build ...
Γ£ô Compiled successfully in 16.9s
  Running TypeScript ...
  Collecting page data using 7 workers ...
  Generating static pages using 7 workers (0/16) ...
  Generating static pages using 7 workers (4/16) 
  Generating static pages using 7 workers (8/16) 
  Generating static pages using 7 workers (12/16) 
Γ£ô Generating static pages using 7 workers (16/16) in 1513.9ms
  Finalizing page optimization ...

Route (app)
Γöî ╞Æ /
Γö£ Γùï /_not-found
Γö£ Γùï /about
Γö£ ╞Æ /api/analytics
Γö£ ╞Æ /api/case-studies
Γö£ ╞Æ /api/case-studies/[id]
Γö£ ╞Æ /api/content-index
Γö£ ╞Æ /api/industries
Γö£ ╞Æ /api/inquiries
Γö£ ╞Æ /api/newsletter
Γö£ ╞Æ /api/services
Γö£ ╞Æ /api/services/[id]
Γö£ ╞Æ /api/team
Γö£ ╞Æ /blog
Γö£ ╞Æ /blog/[slug]
Γö£ ╞Æ /case-studies
Γö£ ╞Æ /case-studies/[slug]
Γö£ Γùï /compare
Γö£ Γùï /contact
Γö£ ╞Æ /industries/[slug]
Γö£ Γùï /our-approach
Γö£ Γùï /privacy
Γö£ Γùï /quiz
Γö£ Γùï /resources
Γö£ ╞Æ /resources/[slug]
Γö£ ╞Æ /resources/library
Γö£ Γùï /roi-calculator
Γö£ ╞Æ /services
Γö£ ╞Æ /services/[slug]
Γö£ Γùï /sitemap.xml
Γö£ Γùï /solutions-hub
Γö£ ╞Æ /team
Γö£ Γùï /terms
Γöö ╞Æ /testimonials


Γùï  (Static)   prerendered as static content
╞Æ  (Dynamic)  server-rendered on demand

